[2026-06-12T00:00:00.431Z] [CRON        ] 🔍 Auto screening (mode: MANUAL)
[2026-06-12T00:00:00.435Z] [SCREENER    ] 🔍 Menjalankan Long + Short screening...
[2026-06-12T00:00:00.438Z] [SCREENER    ] Skip LONG: slot penuh (3/3)
[2026-06-12T00:00:00.453Z] [MANAGER     ] Mengevaluasi 3 posisi futures...
[2026-06-12T00:00:00.571Z] [MANAGER     ] STRKUSDT LONG | price=0.034495 entry=0.034518 PnL=-0.33% | hold=0.7h | BEP=no | trail=off | liqDist=19.5%
[2026-06-12T00:00:00.573Z] [MANAGER     ] ⚠️  LIQUIDATION WARNING: STRKUSDT long — 19.5% dari liquidasi!
[2026-06-12T00:00:01.922Z] [MANAGER     ] RENDERUSDT LONG | price=1.6295 entry=1.6288 PnL=0.21% | hold=0.6h | BEP=no | trail=off | liqDist=19.6%
[2026-06-12T00:00:01.924Z] [MANAGER     ] ⚠️  LIQUIDATION WARNING: RENDERUSDT long — 19.6% dari liquidasi!
[2026-06-12T00:00:02.452Z] [SCREENER    ] ══ SHORT Screener (Losers 3-20% → UTBot SELL) ══
[2026-06-12T00:00:02.637Z] [SYMBOL_FILTER] Filter: 622 → 373 ticker (249 non-crypto dibuang)
[2026-06-12T00:00:02.639Z] [SCREENER    ] Losers ≤-3%: 0 koin → scan UTBot SELL...
[2026-06-12T00:00:02.640Z] [SCREENER    ] Short screener selesai → 0 kandidat SHORT
[2026-06-12T00:00:02.747Z] [MANAGER     ] AEROUSDT LONG | price=0.359 entry=0.3487 PnL=14.77% | hold=0.6h | BEP=YES | trail=ON | liqDist=21.9%
[2026-06-12T00:00:02.751Z] [MANAGER     ]   Trail: peak=0.359 drop=0.00% | trigger at 2%
[2026-06-12T00:00:03.053Z] [MANAGER     ] Management cycle selesai
[2026-06-12T00:05:00.628Z] [MANAGER     ] Mengevaluasi 3 posisi futures...
[2026-06-12T00:05:00.773Z] [MANAGER     ] STRKUSDT LONG | price=0.034365 entry=0.034518 PnL=-2.22% | hold=0.7h | BEP=no | trail=off | liqDist=19.2%
[2026-06-12T00:05:00.775Z] [MANAGER     ] ⚠️  LIQUIDATION WARNING: STRKUSDT long — 19.2% dari liquidasi!
[2026-06-12T00:05:02.167Z] [MANAGER     ] RENDERUSDT LONG | price=1.6274 entry=1.6288 PnL=-0.43% | hold=0.7h | BEP=no | trail=off | liqDist=19.5%
[2026-06-12T00:05:02.168Z] [MANAGER     ] ⚠️  LIQUIDATION WARNING: RENDERUSDT long — 19.5% dari liquidasi!
[2026-06-12T00:05:03.011Z] [MANAGER     ] AEROUSDT LONG | price=0.36 entry=0.3487 PnL=16.20% | hold=0.7h | BEP=YES | trail=ON | liqDist=22.1%
[2026-06-12T00:05:03.012Z] [MANAGER     ]   Trail: peak=0.36 drop=0.00% | trigger at 2%
[2026-06-12T00:05:03.314Z] [MANAGER     ] Management cycle selesai
[2026-06-12T00:10:00.759Z] [MANAGER     ] Mengevaluasi 3 posisi futures...
[2026-06-12T00:10:00.862Z] [MANAGER     ] STRKUSDT LONG | price=0.034544 entry=0.034518 PnL=0.38% | hold=0.8h | BEP=no | trail=off | liqDist=19.7%
[2026-06-12T00:10:00.863Z] [MANAGER     ] ⚠️  LIQUIDATION WARNING: STRKUSDT long — 19.7% dari liquidasi!
[2026-06-12T00:10:02.065Z] [MANAGER     ] RENDERUSDT LONG | price=1.6351 entry=1.6288 PnL=1.93% | hold=0.8h | BEP=no | trail=off | liqDist=19.9%
[2026-06-12T00:10:02.067Z] [MANAGER     ] ⚠️  LIQUIDATION WARNING: RENDERUSDT long — 19.9% dari liquidasi!
[2026-06-12T00:10:02.849Z] [MANAGER     ] AEROUSDT LONG | price=0.361 entry=0.3487 PnL=17.64% | hold=0.8h | BEP=YES | trail=ON | liqDist=22.3%
[2026-06-12T00:10:02.853Z] [MANAGER     ]   Trail: peak=0.361 drop=0.00% | trigger at 2%
[2026-06-12T00:10:03.158Z] [MANAGER     ] Management cycle selesai
[2026-06-12T00:15:00.918Z] [MANAGER     ] Mengevaluasi 3 posisi futures...
[2026-06-12T00:15:01.098Z] [MANAGER     ] STRKUSDT LONG | price=0.034453 entry=0.034518 PnL=-0.94% | hold=0.9h | BEP=no | trail=off | liqDist=19.4%
[2026-06-12T00:15:01.100Z] [MANAGER     ] ⚠️  LIQUIDATION WARNING: STRKUSDT long — 19.4% dari liquidasi!
[2026-06-12T00:15:02.447Z] [MANAGER     ] RENDERUSDT LONG | price=1.6378 entry=1.6288 PnL=2.76% | hold=0.9h | BEP=no | trail=off | liqDist=20.0%
[2026-06-12T00:15:02.846Z] [MANAGER     ] AEROUSDT LONG | price=0.3574 entry=0.3487 PnL=12.47% | hold=0.9h | BEP=YES | trail=ON | liqDist=21.6%
[2026-06-12T00:15:02.846Z] [MANAGER     ]   Trail: peak=0.361 drop=1.00% | trigger at 2%
[2026-06-12T00:15:03.149Z] [MANAGER     ] Management cycle selesai
[2026-06-12T00:20:00.076Z] [MANAGER     ] Mengevaluasi 3 posisi futures...
[2026-06-12T00:20:00.173Z] [MANAGER     ] STRKUSDT LONG | price=0.034523 entry=0.034518 PnL=0.07% | hold=1.0h | BEP=no | trail=off | liqDist=19.6%
[2026-06-12T00:20:00.175Z] [MANAGER     ] ⚠️  LIQUIDATION WARNING: STRKUSDT long — 19.6% dari liquidasi!
[2026-06-12T00:20:01.517Z] [MANAGER     ] RENDERUSDT LONG | price=1.6383 entry=1.6288 PnL=2.92% | hold=1.0h | BEP=no | trail=off | liqDist=20.1%
[2026-06-12T00:20:01.924Z] [MANAGER     ] AEROUSDT LONG | price=0.3572 entry=0.3487 PnL=12.19% | hold=0.9h | BEP=YES | trail=ON | liqDist=21.5%
[2026-06-12T00:20:01.927Z] [MANAGER     ]   Trail: peak=0.361 drop=1.05% | trigger at 2%
[2026-06-12T00:20:02.231Z] [MANAGER     ] Management cycle selesai
[2026-06-12T00:25:00.242Z] [MANAGER     ] Mengevaluasi 3 posisi futures...
[2026-06-12T00:25:00.437Z] [MANAGER     ] STRKUSDT LONG | price=0.034408 entry=0.034518 PnL=-1.59% | hold=1.1h | BEP=no | trail=off | liqDist=19.3%
[2026-06-12T00:25:00.440Z] [MANAGER     ] ⚠️  LIQUIDATION WARNING: STRKUSDT long — 19.3% dari liquidasi!
[2026-06-12T00:25:01.602Z] [MANAGER     ] RENDERUSDT LONG | price=1.6326 entry=1.6288 PnL=1.17% | hold=1.1h | BEP=no | trail=off | liqDist=19.8%
[2026-06-12T00:25:01.604Z] [MANAGER     ] ⚠️  LIQUIDATION WARNING: RENDERUSDT long — 19.8% dari liquidasi!
[2026-06-12T00:25:02.397Z] [MANAGER     ] AEROUSDT LONG | price=0.356 entry=0.3487 PnL=10.47% | hold=1.0h | BEP=YES | trail=ON | liqDist=21.2%
[2026-06-12T00:25:02.402Z] [MANAGER     ]   Trail: peak=0.361 drop=1.39% | trigger at 2%
[2026-06-12T00:25:02.708Z] [MANAGER     ] Management cycle selesai
[2026-06-12T00:30:00.402Z] [MANAGER     ] Mengevaluasi 3 posisi futures...
[2026-06-12T00:30:00.506Z] [MANAGER     ] STRKUSDT LONG | price=0.034401 entry=0.034518 PnL=-1.69% | hold=1.2h | BEP=no | trail=off | liqDist=19.3%
[2026-06-12T00:30:00.508Z] [MANAGER     ] ⚠️  LIQUIDATION WARNING: STRKUSDT long — 19.3% dari liquidasi!
[2026-06-12T00:30:02.173Z] [MANAGER     ] RENDERUSDT LONG | price=1.6317 entry=1.6288 PnL=0.89% | hold=1.1h | BEP=no | trail=off | liqDist=19.7%
[2026-06-12T00:30:02.174Z] [MANAGER     ] ⚠️  LIQUIDATION WARNING: RENDERUSDT long — 19.7% dari liquidasi!
[2026-06-12T00:30:02.950Z] [MANAGER     ] AEROUSDT LONG | price=0.356 entry=0.3487 PnL=10.47% | hold=1.1h | BEP=YES | trail=ON | liqDist=21.2%
[2026-06-12T00:30:02.952Z] [MANAGER     ]   Trail: peak=0.361 drop=1.39% | trigger at 2%
[2026-06-12T00:30:03.256Z] [MANAGER     ] Management cycle selesai
[2026-06-12T00:35:00.560Z] [MANAGER     ] Mengevaluasi 3 posisi futures...
[2026-06-12T00:35:00.705Z] [MANAGER     ] STRKUSDT LONG | price=0.034421 entry=0.034518 PnL=-1.41% | hold=1.2h | BEP=no | trail=off | liqDist=19.4%
[2026-06-12T00:35:00.709Z] [MANAGER     ] ⚠️  LIQUIDATION WARNING: STRKUSDT long — 19.4% dari liquidasi!
[2026-06-12T00:35:02.069Z] [MANAGER     ] RENDERUSDT LONG | price=1.6352 entry=1.6288 PnL=1.96% | hold=1.2h | BEP=no | trail=off | liqDist=19.9%
[2026-06-12T00:35:02.071Z] [MANAGER     ] ⚠️  LIQUIDATION WARNING: RENDERUSDT long — 19.9% dari liquidasi!
[2026-06-12T00:35:02.859Z] [MANAGER     ] AEROUSDT LONG | price=0.3568 entry=0.3487 PnL=11.61% | hold=1.2h | BEP=YES | trail=ON | liqDist=21.4%
[2026-06-12T00:35:02.860Z] [MANAGER     ]   Trail: peak=0.361 drop=1.16% | trigger at 2%
[2026-06-12T00:35:03.162Z] [MANAGER     ] Management cycle selesai
[2026-06-12T00:40:00.712Z] [MANAGER     ] Mengevaluasi 3 posisi futures...
[2026-06-12T00:40:01.106Z] [MANAGER     ] STRKUSDT LONG | price=0.034416 entry=0.034518 PnL=-1.48% | hold=1.3h | BEP=no | trail=off | liqDist=19.4%
[2026-06-12T00:40:01.107Z] [MANAGER     ] ⚠️  LIQUIDATION WARNING: STRKUSDT long — 19.4% dari liquidasi!
[2026-06-12T00:40:05.490Z] [MANAGER     ] RENDERUSDT LONG | price=1.6306 entry=1.6288 PnL=0.55% | hold=1.3h | BEP=no | trail=off | liqDist=19.7%
[2026-06-12T00:40:05.492Z] [MANAGER     ] ⚠️  LIQUIDATION WARNING: RENDERUSDT long — 19.7% dari liquidasi!
[2026-06-12T00:40:06.800Z] [MANAGER     ] AEROUSDT LONG | price=0.356 entry=0.3487 PnL=10.47% | hold=1.3h | BEP=YES | trail=ON | liqDist=21.2%
[2026-06-12T00:40:06.801Z] [MANAGER     ]   Trail: peak=0.361 drop=1.39% | trigger at 2%
[2026-06-12T00:40:07.103Z] [MANAGER     ] Management cycle selesai
[2026-06-12T00:45:00.879Z] [MANAGER     ] Mengevaluasi 3 posisi futures...
[2026-06-12T00:45:01.030Z] [MANAGER     ] STRKUSDT LONG | price=0.034416 entry=0.034518 PnL=-1.48% | hold=1.4h | BEP=no | trail=off | liqDist=19.4%
[2026-06-12T00:45:01.032Z] [MANAGER     ] ⚠️  LIQUIDATION WARNING: STRKUSDT long — 19.4% dari liquidasi!
[2026-06-12T00:45:02.392Z] [MANAGER     ] RENDERUSDT LONG | price=1.6356 entry=1.6288 PnL=2.09% | hold=1.4h | BEP=no | trail=off | liqDist=19.9%
[2026-06-12T00:45:02.394Z] [MANAGER     ] ⚠️  LIQUIDATION WARNING: RENDERUSDT long — 19.9% dari liquidasi!
[2026-06-12T00:45:03.173Z] [MANAGER     ] AEROUSDT LONG | price=0.3563 entry=0.3487 PnL=10.90% | hold=1.4h | BEP=YES | trail=ON | liqDist=21.3%
[2026-06-12T00:45:03.175Z] [MANAGER     ]   Trail: peak=0.361 drop=1.30% | trigger at 2%
[2026-06-12T00:45:03.480Z] [MANAGER     ] Management cycle selesai
[2026-06-12T00:50:00.039Z] [MANAGER     ] Mengevaluasi 3 posisi futures...
[2026-06-12T00:50:00.136Z] [MANAGER     ] STRKUSDT LONG | price=0.034288 entry=0.034518 PnL=-3.33% | hold=1.5h | BEP=no | trail=off | liqDist=19.1%
[2026-06-12T00:50:00.137Z] [MANAGER     ] ⚠️  LIQUIDATION WARNING: STRKUSDT long — 19.1% dari liquidasi!
[2026-06-12T00:50:00.921Z] [MANAGER     ] RENDERUSDT LONG | price=1.639 entry=1.6288 PnL=3.13% | hold=1.5h | BEP=no | trail=off | liqDist=20.1%
[2026-06-12T00:50:00.922Z] [MANAGER     ] 🔻 Trailing aktif early: RENDERUSDT long | PnL=3.13% >= 3%
[2026-06-12T00:50:00.924Z] [STATE       ] 🔻 Trailing aktif: RENDERUSDT long
[2026-06-12T00:50:00.925Z] [MANAGER     ]   Trail: peak=1.639 drop=0.00% | trigger at 2%
[2026-06-12T00:50:01.323Z] [MANAGER     ] AEROUSDT LONG | price=0.3563 entry=0.3487 PnL=10.90% | hold=1.4h | BEP=YES | trail=ON | liqDist=21.3%
[2026-06-12T00:50:01.324Z] [MANAGER     ]   Trail: peak=0.361 drop=1.30% | trigger at 2%
[2026-06-12T00:50:01.626Z] [MANAGER     ] Management cycle selesai
[2026-06-12T00:51:08.372Z] [EXECUTOR    ] 📈 OPEN LONG: XPLUSDT | lev=5x | budget=10 USDT | mode=isolated
[2026-06-12T00:51:08.466Z] [EXECUTOR    ] [DRY RUN] LONG XPLUSDT size=657.2893 @ 0.07607 | SL=0.073000(custom) TP1=0.078414(custom) Liq=0.061160
[2026-06-12T00:51:08.470Z] [STATE       ] 📂 LONG terbuka: XPLUSDT @ 0.07607 | size=657.2893 | lev=5x | liq=0.0612
[2026-06-12T00:51:08.474Z] [TRADE       ] 🟢 LONG XPLUSDT | qty=657.2893 | price=0.07607 | reason=manual
[2026-06-12T00:55:00.224Z] [MANAGER     ] Mengevaluasi 4 posisi futures...
[2026-06-12T00:55:00.325Z] [MANAGER     ] STRKUSDT LONG | price=0.034295 entry=0.034518 PnL=-3.23% | hold=1.6h | BEP=no | trail=off | liqDist=19.1%
[2026-06-12T00:55:00.327Z] [MANAGER     ] ⚠️  LIQUIDATION WARNING: STRKUSDT long — 19.1% dari liquidasi!
[2026-06-12T00:55:01.517Z] [MANAGER     ] RENDERUSDT LONG | price=1.6393 entry=1.6288 PnL=3.22% | hold=1.6h | BEP=no | trail=ON | liqDist=20.1%
[2026-06-12T00:55:01.519Z] [MANAGER     ]   Trail: peak=1.6393 drop=0.00% | trigger at 2%
[2026-06-12T00:55:01.919Z] [MANAGER     ] AEROUSDT LONG | price=0.3563 entry=0.3487 PnL=10.90% | hold=1.5h | BEP=YES | trail=ON | liqDist=21.3%
[2026-06-12T00:55:01.921Z] [MANAGER     ]   Trail: peak=0.361 drop=1.30% | trigger at 2%
[2026-06-12T00:55:02.323Z] [MANAGER     ] XPLUSDT LONG | price=0.07648 entry=0.07607 PnL=2.69% | hold=0.1h | BEP=no | trail=off | liqDist=20.0%
[2026-06-12T00:55:02.625Z] [MANAGER     ] Management cycle selesai
[2026-06-12T01:00:00.233Z] [CRON        ] 🔍 Auto screening (mode: MANUAL)
[2026-06-12T01:00:00.235Z] [SCREENER    ] 🔍 Menjalankan Long + Short screening...
[2026-06-12T01:00:00.239Z] [SCREENER    ] Skip LONG: slot penuh (4/3)
[2026-06-12T01:00:00.370Z] [MANAGER     ] Mengevaluasi 4 posisi futures...
[2026-06-12T01:00:00.471Z] [MANAGER     ] STRKUSDT LONG | price=0.033684 entry=0.034518 PnL=-12.08% | hold=1.7h | BEP=no | trail=off | liqDist=17.6%
[2026-06-12T01:00:00.472Z] [MANAGER     ] ⚠️  LIQUIDATION WARNING: STRKUSDT long — 17.6% dari liquidasi!
[2026-06-12T01:00:01.915Z] [MANAGER     ] RENDERUSDT LONG | price=1.6358 entry=1.6288 PnL=2.15% | hold=1.6h | BEP=no | trail=ON | liqDist=19.9%
[2026-06-12T01:00:01.916Z] [MANAGER     ] ⚠️  LIQUIDATION WARNING: RENDERUSDT long — 19.9% dari liquidasi!
[2026-06-12T01:00:02.252Z] [SCREENER    ] ══ SHORT Screener (Losers 3-20% → UTBot SELL) ══
[2026-06-12T01:00:02.330Z] [MANAGER     ]   Trail: peak=1.6393 drop=0.21% | trigger at 2%
[2026-06-12T01:00:02.402Z] [SYMBOL_FILTER] Filter: 622 → 373 ticker (249 non-crypto dibuang)
[2026-06-12T01:00:02.406Z] [SCREENER    ] Losers ≤-3%: 1 koin → scan UTBot SELL...
[2026-06-12T01:00:02.660Z] [SCREENER    ] Short screener selesai → 0 kandidat SHORT
[2026-06-12T01:00:02.731Z] [MANAGER     ] AEROUSDT LONG | price=0.3553 entry=0.3487 PnL=9.46% | hold=1.6h | BEP=YES | trail=ON | liqDist=21.1%
[2026-06-12T01:00:02.733Z] [MANAGER     ]   Trail: peak=0.361 drop=1.58% | trigger at 2%
[2026-06-12T01:00:03.273Z] [MANAGER     ] XPLUSDT LONG | price=0.07638 entry=0.07607 PnL=2.04% | hold=0.1h | BEP=no | trail=off | liqDist=19.9%
[2026-06-12T01:00:03.274Z] [MANAGER     ] ⚠️  LIQUIDATION WARNING: XPLUSDT long — 19.9% dari liquidasi!
[2026-06-12T01:00:03.982Z] [MANAGER     ] Management cycle selesai
[2026-06-12T01:05:00.518Z] [MANAGER     ] Mengevaluasi 4 posisi futures...
[2026-06-12T01:05:00.724Z] [MANAGER     ] STRKUSDT LONG | price=0.033544 entry=0.034518 PnL=-14.11% | hold=1.7h | BEP=no | trail=off | liqDist=17.3%
[2026-06-12T01:05:00.726Z] [MANAGER     ] ⚠️  LIQUIDATION WARNING: STRKUSDT long — 17.3% dari liquidasi!
[2026-06-12T01:05:02.056Z] [MANAGER     ] RENDERUSDT LONG | price=1.6349 entry=1.6288 PnL=1.87% | hold=1.7h | BEP=no | trail=ON | liqDist=19.9%
[2026-06-12T01:05:02.057Z] [MANAGER     ] ⚠️  LIQUIDATION WARNING: RENDERUSDT long — 19.9% dari liquidasi!
[2026-06-12T01:05:02.430Z] [MANAGER     ]   Trail: peak=1.6393 drop=0.27% | trigger at 2%
[2026-06-12T01:05:03.462Z] [MANAGER     ] AEROUSDT LONG | price=0.3538 entry=0.3487 PnL=7.31% | hold=1.7h | BEP=YES | trail=ON | liqDist=20.8%
[2026-06-12T01:05:03.464Z] [MANAGER     ]   Trail: peak=0.361 drop=1.99% | trigger at 2%
[2026-06-12T01:05:03.867Z] [MANAGER     ] XPLUSDT LONG | price=0.07617 entry=0.07607 PnL=0.66% | hold=0.2h | BEP=no | trail=off | liqDist=19.7%
[2026-06-12T01:05:03.868Z] [MANAGER     ] ⚠️  LIQUIDATION WARNING: XPLUSDT long — 19.7% dari liquidasi!
[2026-06-12T01:05:04.546Z] [MANAGER     ] Management cycle selesai
[2026-06-12T01:10:00.660Z] [MANAGER     ] Mengevaluasi 4 posisi futures...
[2026-06-12T01:10:00.758Z] [MANAGER     ] STRKUSDT LONG | price=0.033594 entry=0.034518 PnL=-13.38% | hold=1.8h | BEP=no | trail=off | liqDist=17.4%
[2026-06-12T01:10:00.759Z] [MANAGER     ] ⚠️  LIQUIDATION WARNING: STRKUSDT long — 17.4% dari liquidasi!
[2026-06-12T01:10:01.539Z] [MANAGER     ] RENDERUSDT LONG | price=1.6346 entry=1.6288 PnL=1.78% | hold=1.8h | BEP=no | trail=ON | liqDist=19.9%
[2026-06-12T01:10:01.541Z] [MANAGER     ] ⚠️  LIQUIDATION WARNING: RENDERUSDT long — 19.9% dari liquidasi!
[2026-06-12T01:10:02.566Z] [MANAGER     ]   Trail: peak=1.6393 drop=0.29% | trigger at 2%
[2026-06-12T01:10:03.180Z] [MANAGER     ] AEROUSDT LONG | price=0.354 entry=0.3487 PnL=7.60% | hold=1.8h | BEP=YES | trail=ON | liqDist=20.8%
[2026-06-12T01:10:03.181Z] [MANAGER     ]   Trail: peak=0.361 drop=1.94% | trigger at 2%
[2026-06-12T01:10:03.720Z] [MANAGER     ] XPLUSDT LONG | price=0.07638 entry=0.07607 PnL=2.04% | hold=0.3h | BEP=no | trail=off | liqDist=19.9%
[2026-06-12T01:10:03.722Z] [MANAGER     ] ⚠️  LIQUIDATION WARNING: XPLUSDT long — 19.9% dari liquidasi!
[2026-06-12T01:10:04.401Z] [MANAGER     ] Management cycle selesai
[2026-06-12T01:12:59.055Z] [TELEGRAM    ] Polling dihentikan
[2026-06-12T01:13:03.365Z] [STARTUP     ] 🧪 DRY RUN mode
[2026-06-12T01:13:03.367Z] [STARTUP     ] Config:
[2026-06-12T01:13:03.367Z] [STARTUP     ]   Budget/trade : 10 USDT | Lev: 5x | Exposure: 50 USDT
[2026-06-12T01:13:03.369Z] [STARTUP     ]   Margin mode  : isolated
[2026-06-12T01:13:03.371Z] [STARTUP     ]   Execute mode : 📋 MANUAL (approval timeout: 30 menit)
[2026-06-12T01:13:03.372Z] [STARTUP     ]   Scheduling   : screen=30m | manage=3m
[2026-06-12T01:13:04.424Z] [STATE       ] 💾 State loaded: 4 posisi terbuka
[2026-06-12T01:13:04.426Z] [SYMBOL_FILTER] Memuat daftar crypto spot dari Bitget...
[2026-06-12T01:13:04.678Z] [SYMBOL_FILTER] ✅ Cache updated: 632 crypto, 462 non-crypto difilter
[2026-06-12T01:13:04.680Z] [STARTUP     ] Management cycle pertama...
[2026-06-12T01:13:04.683Z] [MANAGER     ] Mengevaluasi 4 posisi futures...
[2026-06-12T01:13:04.884Z] [MANAGER     ] STRKUSDT LONG | price=0.033656 entry=0.034518 PnL=-12.49% | hold=1.9h | BEP=no | trail=off | liqDist=17.5%
[2026-06-12T01:13:04.887Z] [MANAGER     ] ⚠️  LIQUIDATION WARNING: STRKUSDT long — 17.5% dari liquidasi!
[2026-06-12T01:13:05.661Z] [MANAGER     ] RENDERUSDT LONG | price=1.628 entry=1.6288 PnL=-0.25% | hold=1.9h | BEP=no | trail=ON | liqDist=19.6%
[2026-06-12T01:13:05.664Z] [MANAGER     ] ⚠️  LIQUIDATION WARNING: RENDERUSDT long — 19.6% dari liquidasi!
[2026-06-12T01:13:06.045Z] [MANAGER     ]   Trail: peak=1.6393 drop=0.69% | trigger at 2%
[2026-06-12T01:13:06.451Z] [MANAGER     ] AEROUSDT LONG | price=0.3536 entry=0.3487 PnL=7.03% | hold=1.8h | BEP=YES | trail=ON | liqDist=20.7%
[2026-06-12T01:13:06.453Z] [MANAGER     ] 🔻 Trailing Stop: AEROUSDT long | drop=2.05% dari peak=0.361
[2026-06-12T01:13:06.561Z] [EXECUTOR    ] 🔒 CLOSE LONG: AEROUSDT @ 0.3536 | reason=trailing_stop
[2026-06-12T01:13:06.566Z] [STATE       ] 📁 LONG ditutup: AEROUSDT @ 0.3536 | PnL=+7.03% (+0.70 USDT) | reason=trailing_stop
[2026-06-12T01:13:06.571Z] [TRADE       ] 🔒 CLOSE LONG AEROUSDT | qty=71.6949 | price=0.3536 | reason=trailing_stop
[2026-06-12T01:13:07.343Z] [MANAGER     ] XPLUSDT LONG | price=0.07514 entry=0.07607 PnL=-6.11% | hold=0.4h | BEP=no | trail=off | liqDist=18.6%
[2026-06-12T01:13:07.345Z] [MANAGER     ] ⚠️  LIQUIDATION WARNING: XPLUSDT long — 18.6% dari liquidasi!
[2026-06-12T01:13:08.033Z] [MANAGER     ] Management cycle selesai
[2026-06-12T01:13:08.036Z] [TELEGRAM    ] Polling dihentikan
[2026-06-12T01:13:08.039Z] [CRON        ] Cron aktif:
[2026-06-12T01:13:08.042Z] [CRON        ]   Screening  : setiap 30 menit
[2026-06-12T01:13:08.044Z] [CRON        ]   Management : setiap 3 menit
[2026-06-12T01:13:08.046Z] [CRON        ]   Mode       : 📋 MANUAL
[2026-06-12T01:13:08.064Z] [TELEGRAM    ] ✅ Futures bot Telegram polling aktif
[2026-06-12T01:13:08.095Z] [API_SERVER  ] ✅ Futures Dashboard API → http://localhost:3001
[2026-06-12T01:15:00.147Z] [MANAGER     ] Mengevaluasi 3 posisi futures...
[2026-06-12T01:15:00.246Z] [MANAGER     ] STRKUSDT LONG | price=0.033631 entry=0.034518 PnL=-12.85% | hold=1.9h | BEP=no | trail=off | liqDist=17.5%
[2026-06-12T01:15:00.248Z] [MANAGER     ] ⚠️  LIQUIDATION WARNING: STRKUSDT long — 17.5% dari liquidasi!
[2026-06-12T01:15:01.443Z] [MANAGER     ] RENDERUSDT LONG | price=1.6273 entry=1.6288 PnL=-0.46% | hold=1.9h | BEP=no | trail=ON | liqDist=19.5%
[2026-06-12T01:15:01.444Z] [MANAGER     ] ⚠️  LIQUIDATION WARNING: RENDERUSDT long — 19.5% dari liquidasi!
[2026-06-12T01:15:01.822Z] [MANAGER     ]   Trail: peak=1.6393 drop=0.73% | trigger at 2%
[2026-06-12T01:15:02.222Z] [MANAGER     ] XPLUSDT LONG | price=0.07539 entry=0.07607 PnL=-4.47% | hold=0.4h | BEP=no | trail=off | liqDist=18.9%
[2026-06-12T01:15:02.223Z] [MANAGER     ] ⚠️  LIQUIDATION WARNING: XPLUSDT long — 18.9% dari liquidasi!
[2026-06-12T01:15:02.903Z] [MANAGER     ] Management cycle selesai
[2026-06-12T01:18:00.284Z] [MANAGER     ] Mengevaluasi 3 posisi futures...
[2026-06-12T01:18:00.387Z] [MANAGER     ] STRKUSDT LONG | price=0.033598 entry=0.034518 PnL=-13.33% | hold=2.0h | BEP=no | trail=off | liqDist=17.4%
[2026-06-12T01:18:00.795Z] [MANAGER     ] RENDERUSDT LONG | price=1.6264 entry=1.6288 PnL=-0.74% | hold=1.9h | BEP=no | trail=ON | liqDist=19.5%
[2026-06-12T01:18:00.797Z] [MANAGER     ]   Trail: peak=1.6393 drop=0.79% | trigger at 2%
[2026-06-12T01:18:01.203Z] [MANAGER     ] XPLUSDT LONG | price=0.07542 entry=0.07607 PnL=-4.27% | hold=0.4h | BEP=no | trail=off | liqDist=18.9%
[2026-06-12T01:18:01.505Z] [MANAGER     ] Management cycle selesai
[2026-06-12T01:21:00.378Z] [MANAGER     ] Mengevaluasi 3 posisi futures...
[2026-06-12T01:21:00.555Z] [MANAGER     ] STRKUSDT LONG | price=0.03351 entry=0.034518 PnL=-14.60% | hold=2.0h | BEP=no | trail=off | liqDist=17.2%
[2026-06-12T01:21:00.953Z] [MANAGER     ] RENDERUSDT LONG | price=1.6245 entry=1.6288 PnL=-1.32% | hold=2.0h | BEP=no | trail=ON | liqDist=19.4%
[2026-06-12T01:21:00.956Z] [MANAGER     ]   Trail: peak=1.6393 drop=0.90% | trigger at 2%
[2026-06-12T01:21:01.408Z] [MANAGER     ] XPLUSDT LONG | price=0.07541 entry=0.07607 PnL=-4.34% | hold=0.5h | BEP=no | trail=off | liqDist=18.9%
[2026-06-12T01:21:01.711Z] [MANAGER     ] Management cycle selesai
[2026-06-12T01:24:00.462Z] [MANAGER     ] Mengevaluasi 3 posisi futures...
[2026-06-12T01:24:00.565Z] [MANAGER     ] STRKUSDT LONG | price=0.033478 entry=0.034518 PnL=-15.06% | hold=2.1h | BEP=no | trail=off | liqDist=17.1%
[2026-06-12T01:24:00.566Z] [MANAGER     ] 🛑 Stop Loss: STRKUSDT long | price=0.033478 SL=0.033482
[2026-06-12T01:24:00.703Z] [EXECUTOR    ] 🔒 CLOSE LONG: STRKUSDT @ 0.033478 | reason=stop_loss
[2026-06-12T01:24:00.708Z] [STATE       ] 📁 LONG ditutup: STRKUSDT @ 0.033478 | PnL=-15.06% (-1.51 USDT) | reason=stop_loss
[2026-06-12T01:24:00.714Z] [TRADE       ] 🔒 CLOSE LONG STRKUSDT | qty=1448.5196 | price=0.033478 | reason=stop_loss
[2026-06-12T01:24:02.246Z] [MANAGER     ] RENDERUSDT LONG | price=1.6188 entry=1.6288 PnL=-3.07% | hold=2.0h | BEP=no | trail=ON | liqDist=19.1%
[2026-06-12T01:24:02.247Z] [MANAGER     ]   Trail: peak=1.6393 drop=1.25% | trigger at 2%
[2026-06-12T01:24:02.654Z] [MANAGER     ] XPLUSDT LONG | price=0.07618 entry=0.07607 PnL=0.72% | hold=0.5h | BEP=no | trail=off | liqDist=19.7%
[2026-06-12T01:24:02.958Z] [MANAGER     ] Management cycle selesai
[2026-06-12T01:27:00.561Z] [MANAGER     ] Mengevaluasi 2 posisi futures...
[2026-06-12T01:27:00.784Z] [MANAGER     ] RENDERUSDT LONG | price=1.617 entry=1.6288 PnL=-3.62% | hold=2.1h | BEP=no | trail=ON | liqDist=19.0%
[2026-06-12T01:27:00.788Z] [MANAGER     ]   Trail: peak=1.6393 drop=1.36% | trigger at 2%
[2026-06-12T01:27:01.192Z] [MANAGER     ] XPLUSDT LONG | price=0.07569 entry=0.07607 PnL=-2.50% | hold=0.6h | BEP=no | trail=off | liqDist=19.2%
[2026-06-12T01:27:01.495Z] [MANAGER     ] Management cycle selesai
[2026-06-12T01:30:00.535Z] [CRON        ] 🔍 Auto screening (mode: MANUAL)
[2026-06-12T01:30:00.537Z] [SCREENER    ] 🔍 Menjalankan Long + Short screening...
[2026-06-12T01:30:00.541Z] [SCREENER    ] ══ LONG Screener (Gainer 5-20% → UTBot BUY) ══
[2026-06-12T01:30:00.666Z] [MANAGER     ] Mengevaluasi 2 posisi futures...
[2026-06-12T01:30:00.702Z] [SYMBOL_FILTER] Filter: 622 → 373 ticker (249 non-crypto dibuang)
[2026-06-12T01:30:00.706Z] [SCREENER    ] Gainer ≥5%: 7 koin → scan UTBot BUY...
[2026-06-12T01:30:00.829Z] [MANAGER     ] RENDERUSDT LONG | price=1.6205 entry=1.6288 PnL=-2.55% | hold=2.1h | BEP=no | trail=ON | liqDist=19.2%
[2026-06-12T01:30:00.832Z] [MANAGER     ]   Trail: peak=1.6393 drop=1.15% | trigger at 2%
[2026-06-12T01:30:01.236Z] [MANAGER     ] XPLUSDT LONG | price=0.07605 entry=0.07607 PnL=-0.13% | hold=0.6h | BEP=no | trail=off | liqDist=19.6%
[2026-06-12T01:30:01.539Z] [MANAGER     ] Management cycle selesai
[2026-06-12T01:30:02.015Z] [SCREENER_ERROR] UTBot scan HYPEUSDT: Bitget HTTP 429: {"code":"429","msg":"Too Many Requests","requestTime":1781227801936,"data":null}
[2026-06-12T01:30:02.811Z] [SCREENER    ] Long screener selesai → 0 kandidat LONG
[2026-06-12T01:30:05.761Z] [SCREENER    ] ══ SHORT Screener (Losers 3-20% → UTBot SELL) ══
[2026-06-12T01:30:05.951Z] [SYMBOL_FILTER] Filter: 622 → 373 ticker (249 non-crypto dibuang)
[2026-06-12T01:30:05.958Z] [SCREENER    ] Losers ≤-3%: 0 koin → scan UTBot SELL...
[2026-06-12T01:30:05.959Z] [SCREENER    ] Short screener selesai → 0 kandidat SHORT
[2026-06-12T01:33:00.747Z] [MANAGER     ] Mengevaluasi 2 posisi futures...
[2026-06-12T01:33:01.076Z] [MANAGER     ] RENDERUSDT LONG | price=1.6244 entry=1.6288 PnL=-1.35% | hold=2.2h | BEP=no | trail=ON | liqDist=19.4%
[2026-06-12T01:33:01.079Z] [MANAGER     ]   Trail: peak=1.6393 drop=0.91% | trigger at 2%
[2026-06-12T01:33:01.533Z] [MANAGER     ] XPLUSDT LONG | price=0.07608 entry=0.07607 PnL=0.07% | hold=0.7h | BEP=no | trail=off | liqDist=19.6%
[2026-06-12T01:33:01.837Z] [MANAGER     ] Management cycle selesai
[2026-06-12T01:36:00.829Z] [MANAGER     ] Mengevaluasi 2 posisi futures...
[2026-06-12T01:36:00.934Z] [MANAGER     ] RENDERUSDT LONG | price=1.6198 entry=1.6288 PnL=-2.76% | hold=2.2h | BEP=no | trail=ON | liqDist=19.2%
[2026-06-12T01:36:00.936Z] [MANAGER     ]   Trail: peak=1.6393 drop=1.19% | trigger at 2%
[2026-06-12T01:36:01.347Z] [MANAGER     ] XPLUSDT LONG | price=0.07559 entry=0.07607 PnL=-3.15% | hold=0.7h | BEP=no | trail=off | liqDist=19.1%
[2026-06-12T01:36:01.649Z] [MANAGER     ] Management cycle selesai
[2026-06-12T01:39:00.908Z] [MANAGER     ] Mengevaluasi 2 posisi futures...
[2026-06-12T01:39:01.144Z] [MANAGER     ] RENDERUSDT LONG | price=1.6237 entry=1.6288 PnL=-1.57% | hold=2.3h | BEP=no | trail=ON | liqDist=19.3%
[2026-06-12T01:39:01.146Z] [MANAGER     ]   Trail: peak=1.6393 drop=0.95% | trigger at 2%
[2026-06-12T01:39:01.555Z] [MANAGER     ] XPLUSDT LONG | price=0.07539 entry=0.07607 PnL=-4.47% | hold=0.8h | BEP=no | trail=off | liqDist=18.9%
[2026-06-12T01:39:01.857Z] [MANAGER     ] Management cycle selesai
[2026-06-12T01:42:00.121Z] [MANAGER     ] Mengevaluasi 2 posisi futures...
[2026-06-12T01:42:00.303Z] [MANAGER     ] RENDERUSDT LONG | price=1.6228 entry=1.6288 PnL=-1.84% | hold=2.3h | BEP=no | trail=ON | liqDist=19.3%
[2026-06-12T01:42:00.305Z] [MANAGER     ]   Trail: peak=1.6393 drop=1.01% | trigger at 2%
[2026-06-12T01:42:00.709Z] [MANAGER     ] XPLUSDT LONG | price=0.07531 entry=0.07607 PnL=-5.00% | hold=0.8h | BEP=no | trail=off | liqDist=18.8%
[2026-06-12T01:42:01.012Z] [MANAGER     ] Management cycle selesai
[2026-06-12T01:45:00.201Z] [MANAGER     ] Mengevaluasi 2 posisi futures...
[2026-06-12T01:45:00.398Z] [MANAGER     ] RENDERUSDT LONG | price=1.6234 entry=1.6288 PnL=-1.66% | hold=2.4h | BEP=no | trail=ON | liqDist=19.3%
[2026-06-12T01:45:00.401Z] [MANAGER     ]   Trail: peak=1.6393 drop=0.97% | trigger at 2%
[2026-06-12T01:45:00.809Z] [MANAGER     ] XPLUSDT LONG | price=0.07569 entry=0.07607 PnL=-2.50% | hold=0.9h | BEP=no | trail=off | liqDist=19.2%
[2026-06-12T01:45:01.111Z] [MANAGER     ] Management cycle selesai
[2026-06-12T01:48:00.298Z] [MANAGER     ] Mengevaluasi 2 posisi futures...
[2026-06-12T01:48:00.497Z] [MANAGER     ] RENDERUSDT LONG | price=1.6247 entry=1.6288 PnL=-1.26% | hold=2.4h | BEP=no | trail=ON | liqDist=19.4%
[2026-06-12T01:48:00.498Z] [MANAGER     ]   Trail: peak=1.6393 drop=0.89% | trigger at 2%
[2026-06-12T01:48:00.939Z] [MANAGER     ] XPLUSDT LONG | price=0.07678 entry=0.07607 PnL=4.67% | hold=0.9h | BEP=no | trail=off | liqDist=20.3%
[2026-06-12T01:48:00.941Z] [MANAGER     ] 🔻 Trailing aktif early: XPLUSDT long | PnL=4.67% >= 3%
[2026-06-12T01:48:00.947Z] [STATE       ] 🔻 Trailing aktif: XPLUSDT long
[2026-06-12T01:48:00.952Z] [MANAGER     ]   Trail: peak=0.07678 drop=0.00% | trigger at 2%
[2026-06-12T01:48:01.255Z] [MANAGER     ] Management cycle selesai
[2026-06-12T01:51:00.397Z] [MANAGER     ] Mengevaluasi 2 posisi futures...
[2026-06-12T01:51:00.588Z] [MANAGER     ] RENDERUSDT LONG | price=1.6241 entry=1.6288 PnL=-1.44% | hold=2.5h | BEP=no | trail=ON | liqDist=19.4%
[2026-06-12T01:51:00.590Z] [MANAGER     ]   Trail: peak=1.6393 drop=0.93% | trigger at 2%
[2026-06-12T01:51:00.995Z] [MANAGER     ] XPLUSDT LONG | price=0.07661 entry=0.07607 PnL=3.55% | hold=1.0h | BEP=no | trail=ON | liqDist=20.2%
[2026-06-12T01:51:00.998Z] [MANAGER     ]   Trail: peak=0.07678 drop=0.22% | trigger at 2%
[2026-06-12T01:51:01.304Z] [MANAGER     ] Management cycle selesai
[2026-06-12T01:54:00.490Z] [MANAGER     ] Mengevaluasi 2 posisi futures...
[2026-06-12T01:54:00.682Z] [MANAGER     ] RENDERUSDT LONG | price=1.6236 entry=1.6288 PnL=-1.60% | hold=2.5h | BEP=no | trail=ON | liqDist=19.3%
[2026-06-12T01:54:00.684Z] [MANAGER     ]   Trail: peak=1.6393 drop=0.96% | trigger at 2%
[2026-06-12T01:54:01.087Z] [MANAGER     ] XPLUSDT LONG | price=0.07705 entry=0.07607 PnL=6.44% | hold=1.0h | BEP=no | trail=ON | liqDist=20.6%
[2026-06-12T01:54:01.091Z] [MANAGER     ]   Trail: peak=0.07705 drop=0.00% | trigger at 2%
[2026-06-12T01:54:01.394Z] [MANAGER     ] Management cycle selesai
[2026-06-12T01:57:00.576Z] [MANAGER     ] Mengevaluasi 2 posisi futures...
[2026-06-12T01:57:00.895Z] [MANAGER     ] RENDERUSDT LONG | price=1.6213 entry=1.6288 PnL=-2.30% | hold=2.6h | BEP=no | trail=ON | liqDist=19.2%
[2026-06-12T01:57:00.895Z] [MANAGER     ]   Trail: peak=1.6393 drop=1.10% | trigger at 2%
[2026-06-12T01:57:01.297Z] [MANAGER     ] XPLUSDT LONG | price=0.0771 entry=0.07607 PnL=6.77% | hold=1.1h | BEP=no | trail=ON | liqDist=20.7%
[2026-06-12T01:57:01.301Z] [MANAGER     ]   Trail: peak=0.0771 drop=0.00% | trigger at 2%
[2026-06-12T01:57:01.609Z] [MANAGER     ] Management cycle selesai
[2026-06-12T02:00:00.490Z] [CRON        ] 🔍 Auto screening (mode: MANUAL)
[2026-06-12T02:00:00.491Z] [SCREENER    ] 🔍 Menjalankan Long + Short screening...
[2026-06-12T02:00:00.496Z] [SCREENER    ] ══ LONG Screener (Gainer 5-20% → UTBot BUY) ══
[2026-06-12T02:00:00.706Z] [MANAGER     ] Mengevaluasi 2 posisi futures...
[2026-06-12T02:00:00.756Z] [SYMBOL_FILTER] Filter: 622 → 373 ticker (249 non-crypto dibuang)
[2026-06-12T02:00:00.759Z] [SCREENER    ] Gainer ≥5%: 8 koin → scan UTBot BUY...
[2026-06-12T02:00:00.861Z] [MANAGER     ] RENDERUSDT LONG | price=1.6224 entry=1.6288 PnL=-1.96% | hold=2.6h | BEP=no | trail=ON | liqDist=19.3%
[2026-06-12T02:00:00.863Z] [MANAGER     ]   Trail: peak=1.6393 drop=1.03% | trigger at 2%
[2026-06-12T02:00:01.266Z] [MANAGER     ] XPLUSDT LONG | price=0.07737 entry=0.07607 PnL=8.54% | hold=1.1h | BEP=no | trail=ON | liqDist=21.0%
[2026-06-12T02:00:01.271Z] [MANAGER     ]   Trail: peak=0.07737 drop=0.00% | trigger at 2%
[2026-06-12T02:00:01.573Z] [MANAGER     ] Management cycle selesai
[2026-06-12T02:00:03.401Z] [SCREENER    ] Long screener selesai → 0 kandidat LONG
[2026-06-12T02:00:06.193Z] [SCREENER    ] ══ SHORT Screener (Losers 3-20% → UTBot SELL) ══
[2026-06-12T02:00:06.474Z] [SYMBOL_FILTER] Filter: 622 → 373 ticker (249 non-crypto dibuang)
[2026-06-12T02:00:06.485Z] [SCREENER    ] Losers ≤-3%: 1 koin → scan UTBot SELL...
[2026-06-12T02:00:06.762Z] [SCREENER    ] Short screener selesai → 0 kandidat SHORT
[2026-06-12T02:03:00.789Z] [MANAGER     ] Mengevaluasi 2 posisi futures...
[2026-06-12T02:03:01.014Z] [MANAGER     ] RENDERUSDT LONG | price=1.6278 entry=1.6288 PnL=-0.31% | hold=2.7h | BEP=no | trail=ON | liqDist=19.6%
[2026-06-12T02:03:01.016Z] [MANAGER     ]   Trail: peak=1.6393 drop=0.70% | trigger at 2%
[2026-06-12T02:03:01.420Z] [MANAGER     ] XPLUSDT LONG | price=0.07831 entry=0.07607 PnL=14.72% | hold=1.2h | BEP=no | trail=ON | liqDist=21.9%
[2026-06-12T02:03:01.426Z] [MANAGER     ]   Trail: peak=0.07831 drop=0.00% | trigger at 2%
[2026-06-12T02:03:01.729Z] [MANAGER     ] Management cycle selesai
[2026-06-12T02:06:00.926Z] [MANAGER     ] Mengevaluasi 2 posisi futures...
[2026-06-12T02:06:01.126Z] [MANAGER     ] RENDERUSDT LONG | price=1.6266 entry=1.6288 PnL=-0.68% | hold=2.7h | BEP=no | trail=ON | liqDist=19.5%
[2026-06-12T02:06:01.128Z] [MANAGER     ]   Trail: peak=1.6393 drop=0.77% | trigger at 2%
[2026-06-12T02:06:01.532Z] [MANAGER     ] XPLUSDT LONG | price=0.0787 entry=0.07607 PnL=17.29% | hold=1.2h | BEP=no | trail=ON | liqDist=22.3%
[2026-06-12T02:06:01.533Z] [MANAGER     ] 🎯 TP1 hit: XPLUSDT long | price=0.0787 TP1=0.078414 | Tutup 50%, set BEP
[2026-06-12T02:06:01.630Z] [EXECUTOR    ] 🔒 PARTIAL CLOSE LONG: XPLUSDT 50% (328.6446) @ 0.0787
[2026-06-12T02:06:01.632Z] [TRADE       ] 🔒 CLOSE LONG XPLUSDT | qty=328.6446 | price=0.0787 | reason=partial-tp1_partial
[2026-06-12T02:06:01.634Z] [STATE       ] ✅ BEP set: XPLUSDT long
[2026-06-12T02:06:02.425Z] [MANAGER     ] ✅ TP1 done, BEP set, trailing aktif: XPLUSDT long
[2026-06-12T02:06:02.727Z] [MANAGER     ] Management cycle selesai
[2026-06-12T02:09:00.041Z] [MANAGER     ] Mengevaluasi 2 posisi futures...
[2026-06-12T02:09:00.237Z] [MANAGER     ] RENDERUSDT LONG | price=1.6255 entry=1.6288 PnL=-1.01% | hold=2.8h | BEP=no | trail=ON | liqDist=19.4%
[2026-06-12T02:09:00.238Z] [MANAGER     ]   Trail: peak=1.6393 drop=0.84% | trigger at 2%
[2026-06-12T02:09:00.640Z] [MANAGER     ] XPLUSDT LONG | price=0.07879 entry=0.07607 PnL=17.88% | hold=1.3h | BEP=YES | trail=ON | liqDist=22.4%
[2026-06-12T02:09:00.644Z] [MANAGER     ]   Trail: peak=0.07879 drop=0.00% | trigger at 2%
[2026-06-12T02:09:00.945Z] [MANAGER     ] Management cycle selesai
[2026-06-12T02:12:00.152Z] [MANAGER     ] Mengevaluasi 2 posisi futures...
[2026-06-12T02:12:00.350Z] [MANAGER     ] RENDERUSDT LONG | price=1.6304 entry=1.6288 PnL=0.49% | hold=2.8h | BEP=no | trail=ON | liqDist=19.7%
[2026-06-12T02:12:00.351Z] [MANAGER     ]   Trail: peak=1.6393 drop=0.54% | trigger at 2%
[2026-06-12T02:12:00.747Z] [MANAGER     ] XPLUSDT LONG | price=0.07899 entry=0.07607 PnL=19.19% | hold=1.3h | BEP=YES | trail=ON | liqDist=22.6%
[2026-06-12T02:12:00.750Z] [MANAGER     ]   Trail: peak=0.07899 drop=0.00% | trigger at 2%
[2026-06-12T02:12:01.052Z] [MANAGER     ] Management cycle selesai
[2026-06-12T02:15:00.278Z] [MANAGER     ] Mengevaluasi 2 posisi futures...
[2026-06-12T02:15:00.480Z] [MANAGER     ] RENDERUSDT LONG | price=1.6347 entry=1.6288 PnL=1.81% | hold=2.9h | BEP=no | trail=ON | liqDist=19.9%
[2026-06-12T02:15:00.481Z] [MANAGER     ]   Trail: peak=1.6393 drop=0.28% | trigger at 2%
[2026-06-12T02:15:00.888Z] [MANAGER     ] XPLUSDT LONG | price=0.0794 entry=0.07607 PnL=21.89% | hold=1.4h | BEP=YES | trail=ON | liqDist=23.0%
[2026-06-12T02:15:00.893Z] [MANAGER     ]   Trail: peak=0.0794 drop=0.00% | trigger at 2%
[2026-06-12T02:15:01.194Z] [MANAGER     ] Management cycle selesai
[2026-06-12T02:18:00.383Z] [MANAGER     ] Mengevaluasi 2 posisi futures...
[2026-06-12T02:18:00.589Z] [MANAGER     ] RENDERUSDT LONG | price=1.6295 entry=1.6288 PnL=0.21% | hold=2.9h | BEP=no | trail=ON | liqDist=19.6%
[2026-06-12T02:18:00.590Z] [MANAGER     ]   Trail: peak=1.6393 drop=0.60% | trigger at 2%
[2026-06-12T02:18:01.002Z] [MANAGER     ] XPLUSDT LONG | price=0.07857 entry=0.07607 PnL=16.43% | hold=1.4h | BEP=YES | trail=ON | liqDist=22.2%
[2026-06-12T02:18:01.004Z] [MANAGER     ]   Trail: peak=0.0794 drop=1.05% | trigger at 2%
[2026-06-12T02:18:01.307Z] [MANAGER     ] Management cycle selesai
[2026-06-12T02:20:49.677Z] [EXECUTOR    ] 📈 OPEN LONG: PYTHUSDT | lev=5x | budget=10 USDT | mode=isolated
[2026-06-12T02:20:49.775Z] [EXECUTOR    ] [DRY RUN] LONG PYTHUSDT size=1304.121 @ 0.03834 | SL=0.037200(custom) TP1=0.040268(custom) Liq=0.030825
[2026-06-12T02:20:49.777Z] [STATE       ] 📂 LONG terbuka: PYTHUSDT @ 0.03834 | size=1304.121 | lev=5x | liq=0.0308
[2026-06-12T02:20:49.780Z] [TRADE       ] 🟢 LONG PYTHUSDT | qty=1304.121 | price=0.03834 | reason=manual
[2026-06-12T02:20:54.471Z] [SCREENER    ] Skip LONG: slot penuh (3/3)
[2026-06-12T02:21:00.479Z] [MANAGER     ] Mengevaluasi 3 posisi futures...
[2026-06-12T02:21:00.671Z] [MANAGER     ] RENDERUSDT LONG | price=1.6309 entry=1.6288 PnL=0.64% | hold=3.0h | BEP=no | trail=ON | liqDist=19.7%
[2026-06-12T02:21:00.672Z] [MANAGER     ]   Trail: peak=1.6393 drop=0.51% | trigger at 2%
[2026-06-12T02:21:01.070Z] [MANAGER     ] XPLUSDT LONG | price=0.0779 entry=0.07607 PnL=12.03% | hold=1.5h | BEP=YES | trail=ON | liqDist=21.5%
[2026-06-12T02:21:01.071Z] [MANAGER     ]   Trail: peak=0.0794 drop=1.89% | trigger at 2%
[2026-06-12T02:21:01.519Z] [MANAGER     ] PYTHUSDT LONG | price=0.03836 entry=0.03834 PnL=0.26% | hold=0.0h | BEP=no | trail=off | liqDist=19.6%
[2026-06-12T02:21:01.821Z] [MANAGER     ] Management cycle selesai
[2026-06-12T02:21:17.196Z] [SCREENER    ] ══ SHORT Screener (Losers 3-20% → UTBot SELL) ══
[2026-06-12T02:21:17.476Z] [SYMBOL_FILTER] Filter: 622 → 373 ticker (249 non-crypto dibuang)
[2026-06-12T02:21:17.478Z] [SCREENER    ] Losers ≤-3%: 1 koin → scan UTBot SELL...
[2026-06-12T02:21:17.731Z] [SCREENER    ] Short screener selesai → 0 kandidat SHORT
[2026-06-12T02:24:00.577Z] [MANAGER     ] Mengevaluasi 3 posisi futures...
[2026-06-12T02:24:00.679Z] [MANAGER     ] RENDERUSDT LONG | price=1.6312 entry=1.6288 PnL=0.74% | hold=3.0h | BEP=no | trail=ON | liqDist=19.7%
[2026-06-12T02:24:00.682Z] [MANAGER     ]   Trail: peak=1.6393 drop=0.49% | trigger at 2%
[2026-06-12T02:24:01.086Z] [MANAGER     ] XPLUSDT LONG | price=0.07829 entry=0.07607 PnL=14.59% | hold=1.5h | BEP=YES | trail=ON | liqDist=21.9%
[2026-06-12T02:24:01.088Z] [MANAGER     ]   Trail: peak=0.0794 drop=1.40% | trigger at 2%
[2026-06-12T02:24:01.494Z] [MANAGER     ] PYTHUSDT LONG | price=0.03844 entry=0.03834 PnL=1.30% | hold=0.1h | BEP=no | trail=off | liqDist=19.8%
[2026-06-12T02:24:01.796Z] [MANAGER     ] Management cycle selesai
[2026-06-12T02:27:00.662Z] [MANAGER     ] Mengevaluasi 3 posisi futures...
[2026-06-12T02:27:00.821Z] [MANAGER     ] RENDERUSDT LONG | price=1.636 entry=1.6288 PnL=2.21% | hold=3.1h | BEP=no | trail=ON | liqDist=20.0%
[2026-06-12T02:27:00.823Z] [MANAGER     ]   Trail: peak=1.6393 drop=0.20% | trigger at 2%
[2026-06-12T02:27:01.230Z] [MANAGER     ] XPLUSDT LONG | price=0.07891 entry=0.07607 PnL=18.67% | hold=1.6h | BEP=YES | trail=ON | liqDist=22.5%
[2026-06-12T02:27:01.233Z] [MANAGER     ]   Trail: peak=0.0794 drop=0.62% | trigger at 2%
[2026-06-12T02:27:01.641Z] [MANAGER     ] PYTHUSDT LONG | price=0.03838 entry=0.03834 PnL=0.52% | hold=0.1h | BEP=no | trail=off | liqDist=19.7%
[2026-06-12T02:27:01.943Z] [MANAGER     ] Management cycle selesai
[2026-06-12T02:30:00.437Z] [CRON        ] 🔍 Auto screening (mode: MANUAL)
[2026-06-12T02:30:00.438Z] [SCREENER    ] 🔍 Menjalankan Long + Short screening...
[2026-06-12T02:30:00.442Z] [SCREENER    ] Skip LONG: slot penuh (3/3)
[2026-06-12T02:30:00.756Z] [MANAGER     ] Mengevaluasi 3 posisi futures...
[2026-06-12T02:30:00.860Z] [MANAGER     ] RENDERUSDT LONG | price=1.6394 entry=1.6288 PnL=3.25% | hold=3.1h | BEP=no | trail=ON | liqDist=20.1%
[2026-06-12T02:30:00.866Z] [MANAGER     ]   Trail: peak=1.6394 drop=0.00% | trigger at 2%
[2026-06-12T02:30:01.284Z] [MANAGER     ] XPLUSDT LONG | price=0.07839 entry=0.07607 PnL=15.25% | hold=1.6h | BEP=YES | trail=ON | liqDist=22.0%
[2026-06-12T02:30:01.284Z] [MANAGER     ]   Trail: peak=0.0794 drop=1.27% | trigger at 2%
[2026-06-12T02:30:01.689Z] [MANAGER     ] PYTHUSDT LONG | price=0.03829 entry=0.03834 PnL=-0.65% | hold=0.2h | BEP=no | trail=off | liqDist=19.5%
[2026-06-12T02:30:01.991Z] [MANAGER     ] Management cycle selesai
[2026-06-12T02:30:02.443Z] [SCREENER    ] ══ SHORT Screener (Losers 3-20% → UTBot SELL) ══
[2026-06-12T02:30:02.610Z] [SYMBOL_FILTER] Filter: 622 → 373 ticker (249 non-crypto dibuang)
[2026-06-12T02:30:02.614Z] [SCREENER    ] Losers ≤-3%: 1 koin → scan UTBot SELL...
[2026-06-12T02:30:03.003Z] [SCREENER    ] Short screener selesai → 0 kandidat SHORT
[2026-06-12T02:33:00.848Z] [MANAGER     ] Mengevaluasi 3 posisi futures...
[2026-06-12T02:33:01.005Z] [MANAGER     ] RENDERUSDT LONG | price=1.6504 entry=1.6288 PnL=6.63% | hold=3.2h | BEP=no | trail=ON | liqDist=20.7%
[2026-06-12T02:33:01.012Z] [MANAGER     ]   Trail: peak=1.6504 drop=0.00% | trigger at 2%
[2026-06-12T02:33:01.461Z] [MANAGER     ] XPLUSDT LONG | price=0.07906 entry=0.07607 PnL=19.65% | hold=1.7h | BEP=YES | trail=ON | liqDist=22.6%
[2026-06-12T02:33:01.463Z] [MANAGER     ]   Trail: peak=0.0794 drop=0.43% | trigger at 2%
[2026-06-12T02:33:01.870Z] [MANAGER     ] PYTHUSDT LONG | price=0.03841 entry=0.03834 PnL=0.91% | hold=0.2h | BEP=no | trail=off | liqDist=19.7%
[2026-06-12T02:33:02.171Z] [MANAGER     ] Management cycle selesai
[2026-06-12T02:36:00.946Z] [MANAGER     ] Mengevaluasi 3 posisi futures...
[2026-06-12T02:36:01.055Z] [MANAGER     ] RENDERUSDT LONG | price=1.6504 entry=1.6288 PnL=6.63% | hold=3.2h | BEP=no | trail=ON | liqDist=20.7%
[2026-06-12T02:36:01.057Z] [MANAGER     ]   Trail: peak=1.6504 drop=0.00% | trigger at 2%
[2026-06-12T02:36:01.488Z] [MANAGER     ] XPLUSDT LONG | price=0.07824 entry=0.07607 PnL=14.26% | hold=1.7h | BEP=YES | trail=ON | liqDist=21.8%
[2026-06-12T02:36:01.490Z] [MANAGER     ]   Trail: peak=0.0794 drop=1.46% | trigger at 2%
[2026-06-12T02:36:01.890Z] [MANAGER     ] PYTHUSDT LONG | price=0.03823 entry=0.03834 PnL=-1.43% | hold=0.3h | BEP=no | trail=off | liqDist=19.4%
[2026-06-12T02:36:02.191Z] [MANAGER     ] Management cycle selesai
[2026-06-12T02:39:00.022Z] [MANAGER     ] Mengevaluasi 3 posisi futures...
[2026-06-12T02:39:00.205Z] [MANAGER     ] RENDERUSDT LONG | price=1.6578 entry=1.6288 PnL=8.90% | hold=3.3h | BEP=no | trail=ON | liqDist=21.0%
[2026-06-12T02:39:00.207Z] [MANAGER     ]   Trail: peak=1.6578 drop=0.00% | trigger at 2%
[2026-06-12T02:39:00.610Z] [MANAGER     ] XPLUSDT LONG | price=0.07912 entry=0.07607 PnL=20.05% | hold=1.8h | BEP=YES | trail=ON | liqDist=22.7%
[2026-06-12T02:39:00.611Z] [MANAGER     ]   Trail: peak=0.0794 drop=0.35% | trigger at 2%
[2026-06-12T02:39:01.026Z] [MANAGER     ] PYTHUSDT LONG | price=0.03889 entry=0.03834 PnL=7.17% | hold=0.3h | BEP=no | trail=off | liqDist=20.7%
[2026-06-12T02:39:01.028Z] [MANAGER     ] 🔻 Trailing aktif early: PYTHUSDT long | PnL=7.17% >= 3%
[2026-06-12T02:39:01.036Z] [STATE       ] 🔻 Trailing aktif: PYTHUSDT long
[2026-06-12T02:39:01.040Z] [MANAGER     ]   Trail: peak=0.03889 drop=0.00% | trigger at 2%
[2026-06-12T02:39:01.342Z] [MANAGER     ] Management cycle selesai
[2026-06-12T02:42:00.105Z] [MANAGER     ] Mengevaluasi 3 posisi futures...
[2026-06-12T02:42:00.205Z] [MANAGER     ] RENDERUSDT LONG | price=1.6585 entry=1.6288 PnL=9.12% | hold=3.3h | BEP=no | trail=ON | liqDist=21.0%
[2026-06-12T02:42:00.212Z] [MANAGER     ]   Trail: peak=1.6585 drop=0.00% | trigger at 2%
[2026-06-12T02:42:00.644Z] [MANAGER     ] XPLUSDT LONG | price=0.07931 entry=0.07607 PnL=21.30% | hold=1.8h | BEP=YES | trail=ON | liqDist=22.9%
[2026-06-12T02:42:00.646Z] [MANAGER     ]   Trail: peak=0.0794 drop=0.11% | trigger at 2%
[2026-06-12T02:42:01.052Z] [MANAGER     ] PYTHUSDT LONG | price=0.03886 entry=0.03834 PnL=6.78% | hold=0.4h | BEP=no | trail=ON | liqDist=20.7%
[2026-06-12T02:42:01.054Z] [MANAGER     ]   Trail: peak=0.03889 drop=0.08% | trigger at 2%
[2026-06-12T02:42:01.358Z] [MANAGER     ] Management cycle selesai
[2026-06-12T02:45:00.184Z] [MANAGER     ] Mengevaluasi 3 posisi futures...
[2026-06-12T02:45:00.342Z] [MANAGER     ] RENDERUSDT LONG | price=1.6641 entry=1.6288 PnL=10.84% | hold=3.4h | BEP=no | trail=ON | liqDist=21.3%
[2026-06-12T02:45:00.345Z] [MANAGER     ]   Trail: peak=1.6641 drop=0.00% | trigger at 2%
[2026-06-12T02:45:00.753Z] [MANAGER     ] XPLUSDT LONG | price=0.07988 entry=0.07607 PnL=25.04% | hold=1.9h | BEP=YES | trail=ON | liqDist=23.4%
[2026-06-12T02:45:00.759Z] [MANAGER     ]   Trail: peak=0.07988 drop=0.00% | trigger at 2%
[2026-06-12T02:45:01.167Z] [MANAGER     ] PYTHUSDT LONG | price=0.03897 entry=0.03834 PnL=8.22% | hold=0.4h | BEP=no | trail=ON | liqDist=20.9%
[2026-06-12T02:45:01.172Z] [MANAGER     ]   Trail: peak=0.03897 drop=0.00% | trigger at 2%
[2026-06-12T02:45:01.476Z] [MANAGER     ] Management cycle selesai
[2026-06-12T02:45:49.679Z] [TELEGRAM    ] Polling dihentikan
[2026-06-12T02:46:00.586Z] [STARTUP     ] 🧪 DRY RUN mode
[2026-06-12T02:46:00.592Z] [STARTUP     ] Config:
[2026-06-12T02:46:00.594Z] [STARTUP     ]   Budget/trade : 10 USDT | Lev: 5x | Exposure: 50 USDT
[2026-06-12T02:46:00.596Z] [STARTUP     ]   Margin mode  : isolated
[2026-06-12T02:46:00.600Z] [STARTUP     ]   Execute mode : 📋 MANUAL (approval timeout: 30 menit)
[2026-06-12T02:46:00.602Z] [STARTUP     ]   Scheduling   : screen=30m | manage=3m
[2026-06-12T02:46:01.703Z] [STATE       ] 💾 State loaded: 3 posisi terbuka
[2026-06-12T02:46:01.704Z] [SYMBOL_FILTER] Memuat daftar crypto spot dari Bitget...
[2026-06-12T02:46:01.980Z] [SYMBOL_FILTER] ✅ Cache updated: 632 crypto, 462 non-crypto difilter
[2026-06-12T02:46:01.983Z] [STARTUP     ] Management cycle pertama...
[2026-06-12T02:46:01.986Z] [MANAGER     ] Mengevaluasi 3 posisi futures...
[2026-06-12T02:46:02.173Z] [MANAGER     ] RENDERUSDT LONG | price=1.6619 entry=1.6288 PnL=10.16% | hold=3.4h | BEP=no | trail=ON | liqDist=21.2%
[2026-06-12T02:46:02.175Z] [MANAGER     ]   Trail: peak=1.6641 drop=0.13% | trigger at 1.5%
[2026-06-12T02:46:02.581Z] [MANAGER     ] XPLUSDT LONG | price=0.07954 entry=0.07607 PnL=22.81% | hold=1.9h | BEP=YES | trail=ON | liqDist=23.1%
[2026-06-12T02:46:02.583Z] [MANAGER     ]   Trail: peak=0.07988 drop=0.43% | trigger at 1.5%
[2026-06-12T02:46:02.993Z] [MANAGER     ] PYTHUSDT LONG | price=0.03876 entry=0.03834 PnL=5.48% | hold=0.4h | BEP=no | trail=ON | liqDist=20.5%
[2026-06-12T02:46:02.994Z] [MANAGER     ]   Trail: peak=0.03897 drop=0.54% | trigger at 1.5%
[2026-06-12T02:46:03.295Z] [MANAGER     ] Management cycle selesai
[2026-06-12T02:46:03.298Z] [TELEGRAM    ] Polling dihentikan
[2026-06-12T02:46:03.302Z] [CRON        ] Cron aktif:
[2026-06-12T02:46:03.305Z] [CRON        ]   Screening  : setiap 30 menit
[2026-06-12T02:46:03.307Z] [CRON        ]   Management : setiap 3 menit
[2026-06-12T02:46:03.311Z] [CRON        ]   Mode       : 📋 MANUAL
[2026-06-12T02:46:03.326Z] [TELEGRAM    ] ✅ Futures bot Telegram polling aktif
[2026-06-12T02:46:03.347Z] [API_SERVER  ] ✅ Futures Dashboard API → http://localhost:3001
[2026-06-12T02:48:00.388Z] [MANAGER     ] Mengevaluasi 3 posisi futures...
[2026-06-12T02:48:00.597Z] [MANAGER     ] RENDERUSDT LONG | price=1.6631 entry=1.6288 PnL=10.53% | hold=3.4h | BEP=no | trail=ON | liqDist=21.3%
[2026-06-12T02:48:00.597Z] [MANAGER     ]   Trail: peak=1.6641 drop=0.06% | trigger at 1.5%
[2026-06-12T02:48:01.004Z] [MANAGER     ] XPLUSDT LONG | price=0.0796 entry=0.07607 PnL=23.20% | hold=1.9h | BEP=YES | trail=ON | liqDist=23.2%
[2026-06-12T02:48:01.006Z] [MANAGER     ]   Trail: peak=0.07988 drop=0.35% | trigger at 1.5%
[2026-06-12T02:48:01.408Z] [MANAGER     ] PYTHUSDT LONG | price=0.03887 entry=0.03834 PnL=6.91% | hold=0.5h | BEP=no | trail=ON | liqDist=20.7%
[2026-06-12T02:48:01.410Z] [MANAGER     ]   Trail: peak=0.03897 drop=0.26% | trigger at 1.5%
[2026-06-12T02:48:01.716Z] [MANAGER     ] Management cycle selesai
[2026-06-12T02:51:00.494Z] [MANAGER     ] Mengevaluasi 3 posisi futures...
[2026-06-12T02:51:00.599Z] [MANAGER     ] RENDERUSDT LONG | price=1.6593 entry=1.6288 PnL=9.36% | hold=3.5h | BEP=no | trail=ON | liqDist=21.1%
[2026-06-12T02:51:00.601Z] [MANAGER     ]   Trail: peak=1.6641 drop=0.29% | trigger at 1.5%
[2026-06-12T02:51:01.004Z] [MANAGER     ] XPLUSDT LONG | price=0.07908 entry=0.07607 PnL=19.78% | hold=2.0h | BEP=YES | trail=ON | liqDist=22.7%
[2026-06-12T02:51:01.006Z] [MANAGER     ]   Trail: peak=0.07988 drop=1.00% | trigger at 1.5%
[2026-06-12T02:51:01.417Z] [MANAGER     ] PYTHUSDT LONG | price=0.03877 entry=0.03834 PnL=5.61% | hold=0.5h | BEP=no | trail=ON | liqDist=20.5%
[2026-06-12T02:51:01.419Z] [MANAGER     ]   Trail: peak=0.03897 drop=0.51% | trigger at 1.5%
[2026-06-12T02:51:01.725Z] [MANAGER     ] Management cycle selesai
[2026-06-12T02:54:00.571Z] [MANAGER     ] Mengevaluasi 3 posisi futures...
[2026-06-12T02:54:00.748Z] [MANAGER     ] RENDERUSDT LONG | price=1.6547 entry=1.6288 PnL=7.95% | hold=3.5h | BEP=no | trail=ON | liqDist=20.9%
[2026-06-12T02:54:00.748Z] [MANAGER     ]   Trail: peak=1.6641 drop=0.56% | trigger at 1.5%
[2026-06-12T02:54:01.147Z] [MANAGER     ] XPLUSDT LONG | price=0.07826 entry=0.07607 PnL=14.39% | hold=2.0h | BEP=YES | trail=ON | liqDist=21.8%
[2026-06-12T02:54:01.149Z] [MANAGER     ] 🔻 Trailing Stop: XPLUSDT long | drop=2.03% dari peak=0.07988
[2026-06-12T02:54:01.245Z] [EXECUTOR    ] 🔒 CLOSE LONG: XPLUSDT @ 0.07826 | reason=trailing_stop
[2026-06-12T02:54:01.249Z] [STATE       ] 📁 LONG ditutup: XPLUSDT @ 0.07826 | PnL=+14.39% (+1.44 USDT) | reason=trailing_stop
[2026-06-12T02:54:01.251Z] [TRADE       ] 🔒 CLOSE LONG XPLUSDT | qty=328.6447 | price=0.07826 | reason=trailing_stop
[2026-06-12T02:54:02.869Z] [MANAGER     ] PYTHUSDT LONG | price=0.03872 entry=0.03834 PnL=4.96% | hold=0.6h | BEP=no | trail=ON | liqDist=20.4%
[2026-06-12T02:54:02.870Z] [MANAGER     ]   Trail: peak=0.03897 drop=0.64% | trigger at 1.5%
[2026-06-12T02:54:03.173Z] [MANAGER     ] Management cycle selesai
[2026-06-12T02:57:00.667Z] [MANAGER     ] Mengevaluasi 2 posisi futures...
[2026-06-12T02:57:00.776Z] [MANAGER     ] RENDERUSDT LONG | price=1.6543 entry=1.6288 PnL=7.83% | hold=3.6h | BEP=no | trail=ON | liqDist=20.8%
[2026-06-12T02:57:00.778Z] [MANAGER     ]   Trail: peak=1.6641 drop=0.59% | trigger at 1.5%
[2026-06-12T02:57:01.178Z] [MANAGER     ] PYTHUSDT LONG | price=0.03874 entry=0.03834 PnL=5.22% | hold=0.6h | BEP=no | trail=ON | liqDist=20.4%
[2026-06-12T02:57:01.181Z] [MANAGER     ]   Trail: peak=0.03897 drop=0.59% | trigger at 1.5%
[2026-06-12T02:57:01.486Z] [MANAGER     ] Management cycle selesai
[2026-06-12T03:00:00.751Z] [CRON        ] 🔍 Auto screening (mode: MANUAL)
[2026-06-12T03:00:00.753Z] [SCREENER    ] 🔍 Menjalankan Long + Short screening...
[2026-06-12T03:00:00.758Z] [SCREENER    ] ══ LONG Screener (Gainer 5-20% → UTBot BUY) ══
[2026-06-12T03:00:00.767Z] [MANAGER     ] Mengevaluasi 2 posisi futures...
[2026-06-12T03:00:00.957Z] [MANAGER     ] RENDERUSDT LONG | price=1.6563 entry=1.6288 PnL=8.44% | hold=3.6h | BEP=no | trail=ON | liqDist=20.9%
[2026-06-12T03:00:00.959Z] [MANAGER     ]   Trail: peak=1.6641 drop=0.47% | trigger at 1.5%
[2026-06-12T03:00:01.025Z] [SYMBOL_FILTER] Filter: 622 → 373 ticker (249 non-crypto dibuang)
[2026-06-12T03:00:01.028Z] [SCREENER    ] Gainer ≥5%: 10 koin → scan UTBot BUY...
[2026-06-12T03:00:01.368Z] [MANAGER     ] PYTHUSDT LONG | price=0.03886 entry=0.03834 PnL=6.78% | hold=0.7h | BEP=no | trail=ON | liqDist=20.7%
[2026-06-12T03:00:01.369Z] [MANAGER     ]   Trail: peak=0.03897 drop=0.28% | trigger at 1.5%
[2026-06-12T03:00:01.671Z] [MANAGER     ] Management cycle selesai
[2026-06-12T03:00:02.054Z] [SCREENER_ERROR] UTBot scan BRETTUSDT: Bitget HTTP 429: {"code":"429","msg":"Too Many Requests","requestTime":1781233201931,"data":null}
[2026-06-12T03:00:04.268Z] [SCREENER_ERROR] UTBot scan TONUSDT: Bitget HTTP 429: {"code":"429","msg":"Too Many Requests","requestTime":1781233204149,"data":null}
[2026-06-12T03:00:05.059Z] [SCREENER    ] Long screener selesai → 0 kandidat LONG
[2026-06-12T03:00:08.299Z] [SCREENER    ] ══ SHORT Screener (Losers 3-20% → UTBot SELL) ══
[2026-06-12T03:00:08.460Z] [SYMBOL_FILTER] Filter: 622 → 373 ticker (249 non-crypto dibuang)
[2026-06-12T03:00:08.466Z] [SCREENER    ] Losers ≤-3%: 2 koin → scan UTBot SELL...
[2026-06-12T03:00:09.122Z] [SCREENER    ] Short screener selesai → 0 kandidat SHORT
[2026-06-12T03:03:00.862Z] [MANAGER     ] Mengevaluasi 2 posisi futures...
[2026-06-12T03:03:00.966Z] [MANAGER     ] RENDERUSDT LONG | price=1.6553 entry=1.6288 PnL=8.13% | hold=3.7h | BEP=no | trail=ON | liqDist=20.9%
[2026-06-12T03:03:00.967Z] [MANAGER     ]   Trail: peak=1.6641 drop=0.53% | trigger at 1.5%
[2026-06-12T03:03:01.373Z] [MANAGER     ] PYTHUSDT LONG | price=0.03864 entry=0.03834 PnL=3.91% | hold=0.7h | BEP=no | trail=ON | liqDist=20.2%
[2026-06-12T03:03:01.376Z] [MANAGER     ]   Trail: peak=0.03897 drop=0.85% | trigger at 1.5%
[2026-06-12T03:03:01.681Z] [MANAGER     ] Management cycle selesai
[2026-06-12T03:06:00.951Z] [MANAGER     ] Mengevaluasi 2 posisi futures...
[2026-06-12T03:06:01.114Z] [MANAGER     ] RENDERUSDT LONG | price=1.651 entry=1.6288 PnL=6.81% | hold=3.7h | BEP=no | trail=ON | liqDist=20.7%
[2026-06-12T03:06:01.116Z] [MANAGER     ]   Trail: peak=1.6641 drop=0.79% | trigger at 1.5%
[2026-06-12T03:06:01.524Z] [MANAGER     ] PYTHUSDT LONG | price=0.03849 entry=0.03834 PnL=1.96% | hold=0.8h | BEP=no | trail=ON | liqDist=19.9%
[2026-06-12T03:06:01.525Z] [MANAGER     ]   Trail: peak=0.03897 drop=1.23% | trigger at 1.5%
[2026-06-12T03:06:01.829Z] [MANAGER     ] Management cycle selesai
[2026-06-12T03:09:00.073Z] [MANAGER     ] Mengevaluasi 2 posisi futures...
[2026-06-12T03:09:00.176Z] [MANAGER     ] RENDERUSDT LONG | price=1.6542 entry=1.6288 PnL=7.80% | hold=3.8h | BEP=no | trail=ON | liqDist=20.8%
[2026-06-12T03:09:00.177Z] [MANAGER     ]   Trail: peak=1.6641 drop=0.59% | trigger at 1.5%
[2026-06-12T03:09:00.587Z] [MANAGER     ] PYTHUSDT LONG | price=0.03866 entry=0.03834 PnL=4.17% | hold=0.8h | BEP=no | trail=ON | liqDist=20.3%
[2026-06-12T03:09:00.588Z] [MANAGER     ]   Trail: peak=0.03897 drop=0.80% | trigger at 1.5%
[2026-06-12T03:09:00.891Z] [MANAGER     ] Management cycle selesai
[2026-06-12T03:12:00.152Z] [MANAGER     ] Mengevaluasi 2 posisi futures...
[2026-06-12T03:12:00.433Z] [MANAGER     ] RENDERUSDT LONG | price=1.6559 entry=1.6288 PnL=8.32% | hold=3.8h | BEP=no | trail=ON | liqDist=20.9%
[2026-06-12T03:12:00.435Z] [MANAGER     ]   Trail: peak=1.6641 drop=0.49% | trigger at 1.5%
[2026-06-12T03:12:01.003Z] [MANAGER     ] PYTHUSDT LONG | price=0.03873 entry=0.03834 PnL=5.09% | hold=0.9h | BEP=no | trail=ON | liqDist=20.4%
[2026-06-12T03:12:01.005Z] [MANAGER     ]   Trail: peak=0.03897 drop=0.62% | trigger at 1.5%
[2026-06-12T03:12:01.309Z] [MANAGER     ] Management cycle selesai
[2026-06-12T03:15:00.231Z] [MANAGER     ] Mengevaluasi 2 posisi futures...
[2026-06-12T03:15:00.347Z] [MANAGER     ] RENDERUSDT LONG | price=1.6498 entry=1.6288 PnL=6.45% | hold=3.9h | BEP=no | trail=ON | liqDist=20.6%
[2026-06-12T03:15:00.349Z] [MANAGER     ]   Trail: peak=1.6641 drop=0.86% | trigger at 1.5%
[2026-06-12T03:15:00.770Z] [MANAGER     ] PYTHUSDT LONG | price=0.03868 entry=0.03834 PnL=4.43% | hold=0.9h | BEP=no | trail=ON | liqDist=20.3%
[2026-06-12T03:15:00.772Z] [MANAGER     ]   Trail: peak=0.03897 drop=0.74% | trigger at 1.5%
[2026-06-12T03:15:01.078Z] [MANAGER     ] Management cycle selesai
